// Jest Snapshot v1, https://goo.gl/fbAQLP

exports[`Navbar should match snapshot 1`] = `
<div>
  <div
    class="p-6 flex justify-between"
  >
    <div>
      <img
        alt="Logo"
        class="lip-logo inline-block"
        src="/static/images/logo.svg"
      />
    </div>
    <div
      class=" flex items-center"
    >
      <span
        class="text-white text-lg"
      >
        Already have an account?
      </span>
      <button
        class="ant-btn lip-nav-button ml-4"
        type="button"
      >
        <span
          class="tracking-wider px-8"
        >
          SIGN IN
        </span>
      </button>
    </div>
  </div>
</div>
`;
